exports[`test App renders correctly 1`] = `
<div
  className="App">
  <div
    className="App-header">
    <img
      alt="logo"
      className="App-logo"
      src={Object {}} />
    <h1>
      Welcome to React
    </h1>
  </div>
  <p
    className="App-intro">
    To get started, edit 
    <code>
      src/app
    </code>
     and save to reload.
  </p>
</div>
`;
